
> rga-dashboard-backend@1.0.0 build
> npx nest build

node.exe : [96msrc/modules/integra
tions/google-ads/google-ads-oauth.s
ervice.ts[0m:[93m183[0m:[93m11
[0m - [91merror[0m[90m TS2561: 
[0mObject literal may only 
specify known properties, but 
'loginCustomerId' does not exist 
in type '(Without<GoogleAdsAccountU
pdateInput, GoogleAdsAccountUncheck
edUpdateInput> & GoogleAdsAccountUn
checkedUpdateInput) | 
(Without<...> & 
GoogleAdsAccountUpdateInput)'. Did 
you mean to write 'customerId'?
At line:1 char:1
+ & "C:\Program 
Files\nodejs/node.exe" "C:\Program 
Files\nodejs/node_mo ...
+ ~~~~~~~~~~~~~~~~~~~~~~~~~~~~~~~~~
~~~~~~~~~~~~~~~~~~~~~~~~~~~~~~~~~~~
~
    + CategoryInfo          : NotS 
   pecified: ([96msrc/module...e  
   'customerId'?:String) [], Rem   
 oteException
    + FullyQualifiedErrorId : Nati 
   veCommandError
 

[7m183[0m           
loginCustomerId: parentMccId,
[7m   [0m [91m          
~~~~~~~~~~~~~~~[0m

  [96mnode_modules/.prisma/client/
index.d.ts[0m:[93m13097[0m:[93m
5[0m
    [7m13097[0m     data: 
XOR<GoogleAdsAccountUpdateInput, Go
ogleAdsAccountUncheckedUpdateInput>
    [7m     [0m [96m    ~~~~[0m
    The expected type comes from 
property 'data' which is declared 
here on type '{ select?: GoogleAdsA
ccountSelect<DefaultArgs>; omit?: 
GoogleAdsAccountOmit<DefaultArgs>; 
include?: GoogleAdsAccountInclude<D
efaultArgs>; data: (Without<...> & 
GoogleAdsAccountUncheckedUpdateInpu
t) | (Without<...> & 
GoogleAdsAccountUpdateInput); 
where: 
GoogleAdsAccountWhereUniqueInput; 
}'
[96msrc/modules/integrations/googl
e-ads/google-ads-oauth.service.ts[
0m:[93m195[0m:[93m11[0m - 
[91merror[0m[90m TS2561: 
[0mObject literal may only 
specify known properties, but 
'loginCustomerId' does not exist 
in type '(Without<GoogleAdsAccountC
reateInput, GoogleAdsAccountUncheck
edCreateInput> & GoogleAdsAccountUn
checkedCreateInput) | 
(Without<...> & 
GoogleAdsAccountCreateInput)'. Did 
you mean to write 'customerId'?

[7m195[0m           
loginCustomerId: parentMccId,
[7m   [0m [91m          
~~~~~~~~~~~~~~~[0m

  [96mnode_modules/.prisma/client/
index.d.ts[0m:[93m13041[0m:[93m
5[0m
    [7m13041[0m     data: 
XOR<GoogleAdsAccountCreateInput, Go
ogleAdsAccountUncheckedCreateInput>
    [7m     [0m [96m    ~~~~[0m
    The expected type comes from 
property 'data' which is declared 
here on type '{ select?: GoogleAdsA
ccountSelect<DefaultArgs>; omit?: 
GoogleAdsAccountOmit<DefaultArgs>; 
include?: GoogleAdsAccountInclude<D
efaultArgs>; data: (Without<...> & 
GoogleAdsAccountUncheckedCreateInpu
t) | (Without<...> & 
GoogleAdsAccountCreateInput); }'
[96msrc/modules/integrations/googl
e-ads/google-ads-oauth.service.ts[
0m:[93m316[0m:[93m17[0m - 
[91merror[0m[90m TS2561: 
[0mObject literal may only 
specify known properties, but 
'loginCustomerId' does not exist 
in type '(Without<GoogleAdsAccountU
pdateInput, GoogleAdsAccountUncheck
edUpdateInput> & GoogleAdsAccountUn
checkedUpdateInput) | 
(Without<...> & 
GoogleAdsAccountUpdateInput)'. Did 
you mean to write 'customerId'?

[7m316[0m                 
loginCustomerId: loginCustomerId,
[7m   [0m [91m                
~~~~~~~~~~~~~~~[0m

  [96mnode_modules/.prisma/client/
index.d.ts[0m:[93m13097[0m:[93m
5[0m
    [7m13097[0m     data: 
XOR<GoogleAdsAccountUpdateInput, Go
ogleAdsAccountUncheckedUpdateInput>
    [7m     [0m [96m    ~~~~[0m
    The expected type comes from 
property 'data' which is declared 
here on type '{ select?: GoogleAdsA
ccountSelect<DefaultArgs>; omit?: 
GoogleAdsAccountOmit<DefaultArgs>; 
include?: GoogleAdsAccountInclude<D
efaultArgs>; data: (Without<...> & 
GoogleAdsAccountUncheckedUpdateInpu
t) | (Without<...> & 
GoogleAdsAccountUpdateInput); 
where: 
GoogleAdsAccountWhereUniqueInput; 
}'
[96msrc/modules/integrations/googl
e-ads/google-ads-oauth.service.ts[
0m:[93m331[0m:[93m17[0m - 
[91merror[0m[90m TS2561: 
[0mObject literal may only 
specify known properties, but 
'loginCustomerId' does not exist 
in type '(Without<GoogleAdsAccountC
reateInput, GoogleAdsAccountUncheck
edCreateInput> & GoogleAdsAccountUn
checkedCreateInput) | 
(Without<...> & 
GoogleAdsAccountCreateInput)'. Did 
you mean to write 'customerId'?

[7m331[0m                 
loginCustomerId: loginCustomerId,
[7m   [0m [91m                
~~~~~~~~~~~~~~~[0m

  [96mnode_modules/.prisma/client/
index.d.ts[0m:[93m13041[0m:[93m
5[0m
    [7m13041[0m     data: 
XOR<GoogleAdsAccountCreateInput, Go
ogleAdsAccountUncheckedCreateInput>
    [7m     [0m [96m    ~~~~[0m
    The expected type comes from 
property 'data' which is declared 
here on type '{ select?: GoogleAdsA
ccountSelect<DefaultArgs>; omit?: 
GoogleAdsAccountOmit<DefaultArgs>; 
include?: GoogleAdsAccountInclude<D
efaultArgs>; data: (Without<...> & 
GoogleAdsAccountUncheckedCreateInpu
t) | (Without<...> & 
GoogleAdsAccountCreateInput); }'

Found 4 error(s).

